
D:\Android\Github\HyperOS-XML-1.0-RUSSIAN\Russian\translators>cls

D:\Android\Github\HyperOS-XML-1.0-RUSSIAN\Russian\translators>if "shennong" == "" (
echo WRONG PARAM  
 goto _end_batch 
) 

D:\Android\Github\HyperOS-XML-1.0-RUSSIAN\Russian\translators>call run_copy_translation_sel.bat shennong SecurityCenter 

D:\Android\Github\HyperOS-XML-1.0-RUSSIAN\Russian\translators>SET _DEVICE=shennong 

D:\Android\Github\HyperOS-XML-1.0-RUSSIAN\Russian\translators>SET _APKFILE=SecurityCenter 

D:\Android\Github\HyperOS-XML-1.0-RUSSIAN\Russian\translators>SET _EXT= 

D:\Android\Github\HyperOS-XML-1.0-RUSSIAN\Russian\translators>SET _run=D:\Android\XMLCompare\ 

D:\Android\Github\HyperOS-XML-1.0-RUSSIAN\Russian\translators>SET _src=D:\Android\Github\Xiaomi.eu-HyperOS-1.0-XML-Compare\shennong\SecurityCenter.apk\res\values\ 

D:\Android\Github\HyperOS-XML-1.0-RUSSIAN\Russian\translators>SET _dst=D:\Android\Github\HyperOS-XML-1.0-RUSSIAN\Russian\main\SecurityCenter.apk\res\values-ru\ 

D:\Android\Github\HyperOS-XML-1.0-RUSSIAN\Russian\translators>SET _dat=D:\Android\Github\HyperOS-XML-1.0-RUSSIAN\Russian\translators\ 

D:\Android\Github\HyperOS-XML-1.0-RUSSIAN\Russian\translators>IF EXIST D:\Android\Github\Xiaomi.eu-HyperOS-1.0-XML-Compare\shennong\SecurityCenter.apk\res\values\strings.xml (copy D:\Android\Github\Xiaomi.eu-HyperOS-1.0-XML-Compare\shennong\SecurityCenter.apk\res\values\strings.xml D:\Android\XMLCompare\SRC  )  ELSE (
echo STRINGS [SRC] NOT FOUND  
 goto _end_strings 
) 
Скопировано файлов:         1.

D:\Android\Github\HyperOS-XML-1.0-RUSSIAN\Russian\translators>IF EXIST D:\Android\Github\HyperOS-XML-1.0-RUSSIAN\Russian\main\SecurityCenter.apk\res\values-ru\strings.xml (copy D:\Android\Github\HyperOS-XML-1.0-RUSSIAN\Russian\main\SecurityCenter.apk\res\values-ru\strings.xml D:\Android\XMLCompare\DST  )  ELSE (
echo STRINGS [DST] NOT FOUND  
 goto _end_strings 
) 
Скопировано файлов:         1.

D:\Android\Github\HyperOS-XML-1.0-RUSSIAN\Russian\translators>del D:\Android\XMLCompare\DST\result.xml 

D:\Android\Github\HyperOS-XML-1.0-RUSSIAN\Russian\translators>D:\Android\XMLCompare\XMLCompare /at /s D:\Android\XMLCompare\SRC\strings.xml /d D:\Android\XMLCompare\DST\strings.xml /i D:\Android\Github\HyperOS-XML-1.0-RUSSIAN\Russian\translators\ignore.xml /t D:\Android\Github\HyperOS-XML-1.0-RUSSIAN\Russian\translators\translate_sel.xml /n 4 /silent_t 

checking... [STRINGS]

src file: D:\Android\XMLCompare\SRC\strings.xml FOUND!
dst file: D:\Android\XMLCompare\DST\strings.xml FOUND!
ignore file: D:\Android\Github\HyperOS-XML-1.0-RUSSIAN\Russian\translators\ignore.xml FOUND!
translation file: D:\Android\Github\HyperOS-XML-1.0-RUSSIAN\Russian\translators\translate_sel.xml FOUND!

processing...

stage 1: parsing source file........ FOUND TAGS: 6906
stage 2: parsing destination file... FOUND TAGS: 6344
stage 3: parsing ignore file........ FOUND TAGS: 5578
stage 4: parsing translation file... FOUND TAGS: 6700
stage 5: comparing tags............. ADDED TAGS: 136 | IGNORED TAGS: 401 | TRANSLATED TAGS: 136
stage 6: sorting tags............... DONE
stage 7: writing file............... WRITED TAGS: 6480
ALL DONE!


D:\Android\Github\HyperOS-XML-1.0-RUSSIAN\Russian\translators>IF EXIST D:\Android\XMLCompare\DST\result.xml (
copy D:\Android\XMLCompare\DST\result.xml D:\Android\XMLCompare\DST\strings.xml  
 copy D:\Android\XMLCompare\DST\strings.xml D:\Android\Github\HyperOS-XML-1.0-RUSSIAN\Russian\main\SecurityCenter.apk\res\values-ru\  
 del D:\Android\XMLCompare\DST\result.xml 
)  ELSE (
echo STRINGS EXEC ERROR  
 pause
) 
Скопировано файлов:         1.
Скопировано файлов:         1.

D:\Android\Github\HyperOS-XML-1.0-RUSSIAN\Russian\translators>IF EXIST D:\Android\Github\Xiaomi.eu-HyperOS-1.0-XML-Compare\shennong\SecurityCenter.apk\res\values\plurals.xml (copy D:\Android\Github\Xiaomi.eu-HyperOS-1.0-XML-Compare\shennong\SecurityCenter.apk\res\values\plurals.xml D:\Android\XMLCompare\SRC  )  ELSE (
echo PLURALS [SRC] NOT FOUND  
 goto _end_plurals 
) 
Скопировано файлов:         1.

D:\Android\Github\HyperOS-XML-1.0-RUSSIAN\Russian\translators>IF EXIST D:\Android\Github\HyperOS-XML-1.0-RUSSIAN\Russian\main\SecurityCenter.apk\res\values-ru\plurals.xml (copy D:\Android\Github\HyperOS-XML-1.0-RUSSIAN\Russian\main\SecurityCenter.apk\res\values-ru\plurals.xml D:\Android\XMLCompare\DST  )  ELSE (
echo PLURALS [DST] NOT FOUND  
 goto _end_plurals 
) 
Скопировано файлов:         1.

D:\Android\Github\HyperOS-XML-1.0-RUSSIAN\Russian\translators>del D:\Android\XMLCompare\DST\result.xml 

D:\Android\Github\HyperOS-XML-1.0-RUSSIAN\Russian\translators>D:\Android\XMLCompare\XMLCompare /at /fp /s D:\Android\XMLCompare\SRC\plurals.xml /d D:\Android\XMLCompare\DST\plurals.xml /i D:\Android\Github\HyperOS-XML-1.0-RUSSIAN\Russian\translators\ignore_p.xml /t D:\Android\Github\HyperOS-XML-1.0-RUSSIAN\Russian\translators\translate_sel_p.xml /n 4 /silent_t 

checking... [PLURALS]

src file: D:\Android\XMLCompare\SRC\plurals.xml FOUND!
dst file: D:\Android\XMLCompare\DST\plurals.xml FOUND!
ignore file: D:\Android\Github\HyperOS-XML-1.0-RUSSIAN\Russian\translators\ignore_p.xml FOUND!
translation file: D:\Android\Github\HyperOS-XML-1.0-RUSSIAN\Russian\translators\translate_sel_p.xml FOUND!

processing...

stage 1: parsing source file........ FOUND TAGS: 336
stage 2: parsing destination file... FOUND TAGS: 343
stage 3: parsing ignore file........ FOUND TAGS: 0
stage 4: parsing translation file... FOUND TAGS: 0
stage 5: comparing tags............. ADDED TAGS: 0
stage 6: sorting tags............... DONE
stage 7: writing file............... WRITED TAGS: 343
ALL DONE!


D:\Android\Github\HyperOS-XML-1.0-RUSSIAN\Russian\translators>IF EXIST D:\Android\XMLCompare\DST\result.xml (
copy D:\Android\XMLCompare\DST\result.xml D:\Android\XMLCompare\DST\plurals.xml  
 copy D:\Android\XMLCompare\DST\plurals.xml D:\Android\Github\HyperOS-XML-1.0-RUSSIAN\Russian\main\SecurityCenter.apk\res\values-ru\  
 del D:\Android\XMLCompare\DST\result.xml 
)  ELSE (echo PLURALS EXEC ERROR ) 
Скопировано файлов:         1.
Скопировано файлов:         1.

D:\Android\Github\HyperOS-XML-1.0-RUSSIAN\Russian\translators>IF EXIST D:\Android\Github\Xiaomi.eu-HyperOS-1.0-XML-Compare\shennong\SecurityCenter.apk\res\values\arrays.xml (copy D:\Android\Github\Xiaomi.eu-HyperOS-1.0-XML-Compare\shennong\SecurityCenter.apk\res\values\arrays.xml D:\Android\XMLCompare\SRC  )  ELSE (
echo ARRAYS [SRC] NOT FOUND  
 goto _end_arrays 
) 
Скопировано файлов:         1.

D:\Android\Github\HyperOS-XML-1.0-RUSSIAN\Russian\translators>IF EXIST D:\Android\Github\HyperOS-XML-1.0-RUSSIAN\Russian\main\SecurityCenter.apk\res\values-ru\arrays.xml (copy D:\Android\Github\HyperOS-XML-1.0-RUSSIAN\Russian\main\SecurityCenter.apk\res\values-ru\arrays.xml D:\Android\XMLCompare\DST  )  ELSE (
echo ARRAYS [DST] NOT FOUND  
 goto _end_arrays 
) 
Скопировано файлов:         1.

D:\Android\Github\HyperOS-XML-1.0-RUSSIAN\Russian\translators>del D:\Android\XMLCompare\DST\result.xml 

D:\Android\Github\HyperOS-XML-1.0-RUSSIAN\Russian\translators>D:\Android\XMLCompare\XMLCompare /at /fa /s D:\Android\XMLCompare\SRC\arrays.xml /d D:\Android\XMLCompare\DST\arrays.xml /i D:\Android\Github\HyperOS-XML-1.0-RUSSIAN\Russian\translators\ignore_a.xml /t D:\Android\Github\HyperOS-XML-1.0-RUSSIAN\Russian\translators\translate_sel_a.xml /n 4 /silent_t 

checking... [ARRAYS]

src file: D:\Android\XMLCompare\SRC\arrays.xml FOUND!
dst file: D:\Android\XMLCompare\DST\arrays.xml FOUND!
ignore file: D:\Android\Github\HyperOS-XML-1.0-RUSSIAN\Russian\translators\ignore_a.xml FOUND!
translation file: D:\Android\Github\HyperOS-XML-1.0-RUSSIAN\Russian\translators\translate_sel_a.xml FOUND!

processing...

stage 1: parsing source file........ FOUND TAGS: 107
stage 2: parsing destination file... FOUND TAGS: 45
stage 3: parsing ignore file........ FOUND TAGS: 1885
stage 4: parsing translation file... FOUND TAGS: 0
stage 5: comparing tags............. ADDED TAGS: 0 | IGNORED TAGS: 64
stage 6: sorting tags............... DONE
stage 7: writing file............... WRITED TAGS: 45
ALL DONE!


D:\Android\Github\HyperOS-XML-1.0-RUSSIAN\Russian\translators>IF EXIST D:\Android\XMLCompare\DST\result.xml (
copy D:\Android\XMLCompare\DST\result.xml D:\Android\XMLCompare\DST\arrays.xml  
 copy D:\Android\XMLCompare\DST\arrays.xml D:\Android\Github\HyperOS-XML-1.0-RUSSIAN\Russian\main\SecurityCenter.apk\res\values-ru\  
 del D:\Android\XMLCompare\DST\result.xml 
)  ELSE (echo ARRAYS EXEC ERROR ) 
Скопировано файлов:         1.
Скопировано файлов:         1.
